{"timestamp":"2025-10-02T03:08:01.184Z","username":"admin","action":"SCRAPER_PREVIEW","details":{"resultsFound":0,"validation":{"total":0,"valid":0,"invalid":0,"errors":[]}}}
{"timestamp":"2025-10-02T03:11:54.431Z","username":"admin","action":"SCRAPER_PREVIEW","details":{"resultsFound":0,"validation":{"total":0,"valid":0,"invalid":0,"errors":[]}}}
{"timestamp":"2025-10-03T14:07:35.622Z","username":"admin","action":"SCRAPER_PREVIEW","details":{"resultsFound":0,"validation":{"total":0,"valid":0,"invalid":0,"errors":[]}}}
{"timestamp":"2025-10-03T14:54:42.284Z","username":"admin","action":"SCRAPER_PREVIEW","details":{"resultsFound":0,"validation":{"total":0,"valid":0,"invalid":0,"errors":[]}}}
{"timestamp":"2025-10-03T14:59:18.767Z","username":"admin","action":"SCRAPER_PREVIEW","details":{"resultsFound":0,"validation":{"total":0,"valid":0,"invalid":0,"errors":[]}}}
{"timestamp":"2025-10-03T14:59:39.350Z","username":"admin","action":"SCRAPER_PREVIEW","details":{"resultsFound":0,"validation":{"total":0,"valid":0,"invalid":0,"errors":[]}}}
{"timestamp":"2025-10-03T14:59:42.606Z","username":"admin","action":"SCRAPER_PREVIEW","details":{"resultsFound":0,"validation":{"total":0,"valid":0,"invalid":0,"errors":[]}}}
{"timestamp":"2025-10-03T14:59:43.870Z","username":"admin","action":"SCRAPER_PREVIEW","details":{"resultsFound":0,"validation":{"total":0,"valid":0,"invalid":0,"errors":[]}}}
{"timestamp":"2025-10-03T15:12:28.790Z","username":"admin","action":"SCRAPER_PREVIEW","details":{"resultsFound":20,"validation":{"total":20,"valid":20,"invalid":0,"errors":[],"duplicates":0}}}
{"timestamp":"2025-10-03T15:26:43.848Z","username":"admin","action":"SCRAPER_PREVIEW","details":{"resultsFound":20,"validation":{"total":20,"valid":20,"invalid":0,"errors":[],"duplicates":0}}}
{"timestamp":"2025-10-03T22:39:52.101Z","username":"admin","action":"VIEW_HISTORICAL_RESULTS","details":{"gameType":"539","resultCount":235,"page":1,"limit":50}}
{"timestamp":"2025-10-03T22:39:52.157Z","username":"admin","action":"VIEW_HISTORICAL_RESULTS","details":{"gameType":"539","resultCount":235,"page":1,"limit":50}}
{"timestamp":"2025-10-03T22:44:50.473Z","username":"admin","action":"VIEW_HISTORICAL_RESULTS","details":{"gameType":"539","resultCount":235,"page":1,"limit":50}}
{"timestamp":"2025-10-03T22:44:50.847Z","username":"admin","action":"VIEW_HISTORICAL_RESULTS","details":{"gameType":"539","resultCount":235,"page":1,"limit":50}}
{"timestamp":"2025-10-03T22:45:12.658Z","username":"admin","action":"SCRAPER_PREVIEW","details":{"resultsFound":20,"validation":{"total":20,"valid":20,"invalid":0,"errors":[],"duplicates":0}}}
{"timestamp":"2025-10-03T22:46:54.700Z","username":"admin","action":"SCRAPER_IMPORT","details":{"scraped":20,"added":3,"skipped":17,"validation":{"total":20,"valid":20,"invalid":0,"errors":[],"duplicates":0}}}
{"timestamp":"2025-10-03T22:47:05.150Z","username":"admin","action":"SYNC_HISTORICAL_RESULTS","details":{"gameType":"539","recordCount":238}}
{"timestamp":"2025-10-03T22:47:05.396Z","username":"admin","action":"VIEW_HISTORICAL_RESULTS","details":{"gameType":"539","resultCount":238,"page":1,"limit":50}}
{"timestamp":"2025-10-03T23:00:06.521Z","username":"admin","action":"VIEW_HISTORICAL_RESULTS","details":{"gameType":"539","resultCount":235,"page":1,"limit":50}}
{"timestamp":"2025-10-03T23:00:06.905Z","username":"admin","action":"VIEW_HISTORICAL_RESULTS","details":{"gameType":"539","resultCount":235,"page":1,"limit":50}}
{"timestamp":"2025-10-03T23:00:29.250Z","username":"admin","action":"SCRAPER_PREVIEW","details":{"resultsFound":20,"validation":{"total":20,"valid":20,"invalid":0,"errors":[],"duplicates":0}}}
{"timestamp":"2025-10-03T23:00:45.394Z","username":"admin","action":"SCRAPER_IMPORT","details":{"scraped":20,"added":3,"skipped":17,"validation":{"total":20,"valid":20,"invalid":0,"errors":[],"duplicates":0}}}
{"timestamp":"2025-10-03T23:01:05.448Z","username":"admin","action":"SYNC_HISTORICAL_RESULTS","details":{"gameType":"539","recordCount":238}}
{"timestamp":"2025-10-03T23:01:05.823Z","username":"admin","action":"VIEW_HISTORICAL_RESULTS","details":{"gameType":"539","resultCount":238,"page":1,"limit":50}}
{"timestamp":"2025-10-03T23:08:35.179Z","username":"admin","action":"VIEW_HISTORICAL_RESULTS","details":{"gameType":"539","resultCount":238,"page":1,"limit":50}}
{"timestamp":"2025-10-03T23:08:35.546Z","username":"admin","action":"VIEW_HISTORICAL_RESULTS","details":{"gameType":"539","resultCount":238,"page":1,"limit":50}}
{"timestamp":"2025-10-03T23:09:28.378Z","username":"admin","action":"SCRAPER_PREVIEW","details":{"resultsFound":20,"validation":{"total":20,"valid":20,"invalid":0,"errors":[],"duplicates":0}}}
{"timestamp":"2025-10-03T23:14:29.169Z","username":"admin","action":"VIEW_HISTORICAL_RESULTS","details":{"gameType":"539","resultCount":238,"page":1,"limit":50}}
{"timestamp":"2025-10-03T23:14:29.516Z","username":"admin","action":"VIEW_HISTORICAL_RESULTS","details":{"gameType":"539","resultCount":238,"page":1,"limit":50}}
{"timestamp":"2025-10-03T23:14:58.904Z","username":"admin","action":"SCRAPER_PREVIEW","details":{"resultsFound":20,"validation":{"total":20,"valid":20,"invalid":0,"errors":[],"duplicates":0}}}
{"timestamp":"2025-10-03T23:19:17.171Z","username":"admin","action":"VIEW_HISTORICAL_RESULTS","details":{"gameType":"539","resultCount":238,"page":1,"limit":50}}
{"timestamp":"2025-10-03T23:19:17.533Z","username":"admin","action":"VIEW_HISTORICAL_RESULTS","details":{"gameType":"539","resultCount":238,"page":1,"limit":50}}
{"timestamp":"2025-10-03T23:19:47.650Z","username":"admin","action":"SCRAPER_PREVIEW","details":{"resultsFound":20,"validation":{"total":20,"valid":20,"invalid":0,"errors":[],"duplicates":0}}}
{"timestamp":"2025-10-03T23:24:09.854Z","username":"admin","action":"VIEW_HISTORICAL_RESULTS","details":{"gameType":"539","resultCount":238,"page":1,"limit":50}}
{"timestamp":"2025-10-03T23:24:10.055Z","username":"admin","action":"VIEW_HISTORICAL_RESULTS","details":{"gameType":"539","resultCount":238,"page":1,"limit":50}}
{"timestamp":"2025-10-03T23:27:54.280Z","username":"admin","action":"SCRAPER_PREVIEW","details":{"resultsFound":20,"validation":{"total":20,"valid":20,"invalid":0,"errors":[],"duplicates":0}}}
{"timestamp":"2025-10-03T23:33:24.712Z","username":"admin","action":"VIEW_HISTORICAL_RESULTS","details":{"gameType":"539","resultCount":238,"page":1,"limit":50}}
{"timestamp":"2025-10-03T23:33:24.919Z","username":"admin","action":"VIEW_HISTORICAL_RESULTS","details":{"gameType":"539","resultCount":238,"page":1,"limit":50}}
{"timestamp":"2025-10-03T23:33:42.074Z","username":"admin","action":"SCRAPER_PREVIEW","details":{"resultsFound":20,"validation":{"total":20,"valid":20,"invalid":0,"errors":[],"duplicates":0}}}
{"timestamp":"2025-10-03T23:37:27.099Z","username":"admin","action":"VIEW_HISTORICAL_RESULTS","details":{"gameType":"539","resultCount":238,"page":1,"limit":50}}
{"timestamp":"2025-10-03T23:37:27.301Z","username":"admin","action":"VIEW_HISTORICAL_RESULTS","details":{"gameType":"539","resultCount":238,"page":1,"limit":50}}
{"timestamp":"2025-10-03T23:37:46.544Z","username":"admin","action":"SCRAPER_PREVIEW","details":{"resultsFound":20,"validation":{"total":20,"valid":20,"invalid":0,"errors":[],"duplicates":0}}}
{"timestamp":"2025-10-03T23:41:27.057Z","username":"admin","action":"VIEW_HISTORICAL_RESULTS","details":{"gameType":"539","resultCount":238,"page":1,"limit":50}}
{"timestamp":"2025-10-03T23:41:27.444Z","username":"admin","action":"VIEW_HISTORICAL_RESULTS","details":{"gameType":"539","resultCount":238,"page":1,"limit":50}}
{"timestamp":"2025-10-03T23:41:45.589Z","username":"admin","action":"SCRAPER_PREVIEW","details":{"resultsFound":0,"validation":{"total":0,"valid":0,"invalid":0,"errors":[],"duplicates":0}}}
{"timestamp":"2025-10-03T23:46:06.580Z","username":"admin","action":"VIEW_HISTORICAL_RESULTS","details":{"gameType":"539","resultCount":238,"page":1,"limit":50}}
{"timestamp":"2025-10-03T23:46:06.937Z","username":"admin","action":"VIEW_HISTORICAL_RESULTS","details":{"gameType":"539","resultCount":238,"page":1,"limit":50}}
{"timestamp":"2025-10-03T23:47:12.375Z","username":"admin","action":"SCRAPER_PREVIEW","details":{"resultsFound":336,"validation":{"total":336,"valid":336,"invalid":0,"errors":[],"duplicates":0}}}
{"timestamp":"2025-10-03T23:48:24.929Z","username":"admin","action":"SCRAPER_IMPORT","details":{"scraped":336,"added":204,"skipped":132,"validation":{"total":336,"valid":336,"invalid":0,"errors":[],"duplicates":0}}}
{"timestamp":"2025-10-03T23:48:43.640Z","username":"admin","action":"SYNC_HISTORICAL_RESULTS","details":{"gameType":"539","recordCount":442}}
{"timestamp":"2025-10-03T23:48:43.879Z","username":"admin","action":"VIEW_HISTORICAL_RESULTS","details":{"gameType":"539","resultCount":442,"page":1,"limit":50}}
{"timestamp":"2025-10-03T23:48:54.329Z","username":"admin","action":"VIEW_HISTORICAL_RESULTS","details":{"gameType":"539","resultCount":442,"page":2,"limit":50}}
{"timestamp":"2025-10-03T23:48:56.972Z","username":"admin","action":"VIEW_HISTORICAL_RESULTS","details":{"gameType":"539","resultCount":442,"page":3,"limit":50}}
{"timestamp":"2025-10-03T23:48:58.767Z","username":"admin","action":"VIEW_HISTORICAL_RESULTS","details":{"gameType":"539","resultCount":442,"page":4,"limit":50}}
{"timestamp":"2025-10-03T23:49:01.194Z","username":"admin","action":"VIEW_HISTORICAL_RESULTS","details":{"gameType":"539","resultCount":442,"page":5,"limit":50}}
{"timestamp":"2025-10-03T23:49:02.934Z","username":"admin","action":"VIEW_HISTORICAL_RESULTS","details":{"gameType":"539","resultCount":442,"page":6,"limit":50}}
{"timestamp":"2025-10-03T23:49:05.673Z","username":"admin","action":"VIEW_HISTORICAL_RESULTS","details":{"gameType":"539","resultCount":442,"page":7,"limit":50}}
{"timestamp":"2025-10-03T23:49:07.810Z","username":"admin","action":"VIEW_HISTORICAL_RESULTS","details":{"gameType":"539","resultCount":442,"page":8,"limit":50}}
{"timestamp":"2025-10-03T23:49:10.602Z","username":"admin","action":"VIEW_HISTORICAL_RESULTS","details":{"gameType":"539","resultCount":442,"page":9,"limit":50}}
{"timestamp":"2025-10-03T23:53:51.630Z","username":"admin","action":"VIEW_HISTORICAL_RESULTS","details":{"gameType":"539","resultCount":442,"page":1,"limit":50}}
{"timestamp":"2025-10-03T23:53:51.850Z","username":"admin","action":"VIEW_HISTORICAL_RESULTS","details":{"gameType":"539","resultCount":442,"page":1,"limit":50}}
{"timestamp":"2025-10-03T23:55:24.278Z","username":"admin","action":"SCRAPER_PREVIEW","details":{"resultsFound":500,"validation":{"total":500,"valid":500,"invalid":0,"errors":[],"duplicates":0}}}
{"timestamp":"2025-10-03T23:57:00.446Z","username":"admin","action":"SCRAPER_IMPORT","details":{"scraped":500,"added":164,"skipped":336,"validation":{"total":500,"valid":500,"invalid":0,"errors":[],"duplicates":0}}}
{"timestamp":"2025-10-03T23:57:52.618Z","username":"admin","action":"SYNC_HISTORICAL_RESULTS","details":{"gameType":"539","recordCount":606}}
{"timestamp":"2025-10-03T23:57:52.896Z","username":"admin","action":"VIEW_HISTORICAL_RESULTS","details":{"gameType":"539","resultCount":606,"page":1,"limit":50}}
{"timestamp":"2025-10-04T00:28:24.405Z","username":"admin","action":"VIEW_HISTORICAL_RESULTS","details":{"gameType":"539","resultCount":606,"page":1,"limit":50}}
{"timestamp":"2025-10-04T00:28:24.790Z","username":"admin","action":"VIEW_HISTORICAL_RESULTS","details":{"gameType":"539","resultCount":606,"page":1,"limit":50}}
{"timestamp":"2025-10-04T00:41:28.437Z","username":"admin","action":"VIEW_HISTORICAL_RESULTS","details":{"gameType":"539","resultCount":606,"page":1,"limit":50}}
{"timestamp":"2025-10-04T00:41:28.858Z","username":"admin","action":"VIEW_HISTORICAL_RESULTS","details":{"gameType":"539","resultCount":606,"page":1,"limit":50}}
{"timestamp":"2025-10-04T00:54:21.023Z","username":"admin","action":"VIEW_HISTORICAL_RESULTS","details":{"gameType":"539","resultCount":606,"page":1,"limit":50}}
{"timestamp":"2025-10-04T00:54:21.240Z","username":"admin","action":"VIEW_HISTORICAL_RESULTS","details":{"gameType":"539","resultCount":606,"page":1,"limit":50}}
{"timestamp":"2025-10-04T01:02:33.424Z","username":"admin","action":"SCRAPER_PREVIEW","details":{"resultsFound":3328,"validation":{"total":3328,"valid":3328,"invalid":0,"errors":[],"duplicates":0}}}
{"timestamp":"2025-10-04T01:11:28.806Z","username":"admin","action":"SCRAPER_IMPORT","details":{"scraped":3328,"added":2828,"skipped":500,"validation":{"total":3328,"valid":3328,"invalid":0,"errors":[],"duplicates":0}}}
{"timestamp":"2025-10-04T01:11:47.702Z","username":"admin","action":"VIEW_HISTORICAL_RESULTS","details":{"gameType":"539","resultCount":3434,"page":1,"limit":50}}
{"timestamp":"2025-10-04T01:11:47.869Z","username":"admin","action":"VIEW_HISTORICAL_RESULTS","details":{"gameType":"539","resultCount":3434,"page":1,"limit":50}}
{"timestamp":"2025-10-04T01:15:11.731Z","username":"admin","action":"VIEW_HISTORICAL_RESULTS","details":{"gameType":"539","resultCount":3434,"page":1,"limit":50}}
{"timestamp":"2025-10-04T01:15:12.209Z","username":"admin","action":"VIEW_HISTORICAL_RESULTS","details":{"gameType":"539","resultCount":3434,"page":1,"limit":50}}
{"timestamp":"2025-10-04T03:16:26.226Z","username":"admin","action":"VIEW_HISTORICAL_RESULTS","details":{"gameType":"539","resultCount":3434,"page":1,"limit":50}}
{"timestamp":"2025-10-04T03:16:26.751Z","username":"admin","action":"VIEW_HISTORICAL_RESULTS","details":{"gameType":"539","resultCount":3434,"page":1,"limit":50}}
{"timestamp":"2025-10-04T03:16:32.586Z","username":"admin","action":"VIEW_HISTORICAL_RESULTS","details":{"gameType":"539","resultCount":3434,"page":1,"limit":50}}
{"timestamp":"2025-10-04T03:16:33.027Z","username":"admin","action":"VIEW_HISTORICAL_RESULTS","details":{"gameType":"539","resultCount":3434,"page":1,"limit":50}}
{"timestamp":"2025-10-04T03:16:39.420Z","username":"admin","action":"VIEW_HISTORICAL_RESULTS","details":{"gameType":"539","resultCount":3434,"page":1,"limit":50}}
{"timestamp":"2025-10-04T03:28:17.449Z","username":"admin","action":"VIEW_HISTORICAL_RESULTS","details":{"gameType":"539","resultCount":3434,"page":1,"limit":50}}
{"timestamp":"2025-10-04T03:28:17.676Z","username":"admin","action":"VIEW_HISTORICAL_RESULTS","details":{"gameType":"539","resultCount":3434,"page":1,"limit":50}}
{"timestamp":"2025-10-05T13:01:37.255Z","username":"admin","action":"VIEW_HISTORICAL_RESULTS","details":{"gameType":"539","resultCount":3434,"page":1,"limit":50}}
{"timestamp":"2025-10-05T13:01:37.579Z","username":"admin","action":"VIEW_HISTORICAL_RESULTS","details":{"gameType":"539","resultCount":3434,"page":1,"limit":50}}
{"timestamp":"2025-10-05T13:02:02.117Z","username":"admin","action":"SCRAPER_PREVIEW","details":{"resultsFound":3,"validation":{"total":3,"valid":3,"invalid":0,"errors":[],"duplicates":0}}}
{"timestamp":"2025-10-05T13:02:28.354Z","username":"admin","action":"SCRAPER_IMPORT","details":{"scraped":3,"added":1,"skipped":2,"validation":{"total":3,"valid":3,"invalid":0,"errors":[],"duplicates":0}}}
{"timestamp":"2025-10-05T13:02:42.570Z","username":"admin","action":"SYNC_HISTORICAL_RESULTS","details":{"gameType":"539","recordCount":3435}}
{"timestamp":"2025-10-05T13:02:42.796Z","username":"admin","action":"VIEW_HISTORICAL_RESULTS","details":{"gameType":"539","resultCount":3435,"page":1,"limit":50}}
{"timestamp":"2025-10-05T13:03:11.064Z","username":"admin","action":"VIEW_HISTORICAL_RESULTS","details":{"gameType":"539","resultCount":3435,"page":1,"limit":50}}
{"timestamp":"2025-10-05T13:03:11.544Z","username":"admin","action":"VIEW_HISTORICAL_RESULTS","details":{"gameType":"539","resultCount":3435,"page":1,"limit":50}}
{"timestamp":"2025-10-05T13:03:49.233Z","username":"admin","action":"VIEW_HISTORICAL_RESULTS","details":{"gameType":"539","resultCount":3435,"page":1,"limit":50}}
{"timestamp":"2025-10-05T13:03:52.832Z","username":"admin","action":"SYNC_HISTORICAL_RESULTS","details":{"gameType":"539","recordCount":3435}}
{"timestamp":"2025-10-05T13:03:53.270Z","username":"admin","action":"VIEW_HISTORICAL_RESULTS","details":{"gameType":"539","resultCount":3435,"page":1,"limit":50}}
{"timestamp":"2025-10-05T13:03:58.860Z","username":"admin","action":"SYNC_HISTORICAL_RESULTS","details":{"gameType":"539","recordCount":3435}}
{"timestamp":"2025-10-05T13:03:59.333Z","username":"admin","action":"VIEW_HISTORICAL_RESULTS","details":{"gameType":"539","resultCount":3435,"page":1,"limit":50}}
{"timestamp":"2025-10-05T13:04:03.251Z","username":"admin","action":"VIEW_HISTORICAL_RESULTS","details":{"gameType":"539","resultCount":3435,"page":1,"limit":50}}
{"timestamp":"2025-10-05T13:04:06.541Z","username":"admin","action":"VIEW_HISTORICAL_RESULTS","details":{"gameType":"539","resultCount":3435,"page":1,"limit":50}}
{"timestamp":"2025-10-05T13:04:06.987Z","username":"admin","action":"VIEW_HISTORICAL_RESULTS","details":{"gameType":"539","resultCount":3435,"page":1,"limit":50}}
{"timestamp":"2025-10-05T13:09:55.285Z","username":"admin","action":"VIEW_HISTORICAL_RESULTS","details":{"gameType":"539","resultCount":3435,"page":1,"limit":50}}
{"timestamp":"2025-10-05T13:14:32.371Z","username":"admin","action":"VIEW_HISTORICAL_RESULTS","details":{"gameType":"539","resultCount":3435,"page":1,"limit":50}}
{"timestamp":"2025-10-05T13:14:32.913Z","username":"admin","action":"VIEW_HISTORICAL_RESULTS","details":{"gameType":"539","resultCount":3435,"page":1,"limit":50}}
{"timestamp":"2025-10-05T13:14:35.702Z","username":"admin","action":"VIEW_HISTORICAL_RESULTS","details":{"gameType":"539","resultCount":3435,"page":1,"limit":50}}
{"timestamp":"2025-10-05T13:14:44.947Z","username":"admin","action":"SYNC_HISTORICAL_RESULTS","details":{"gameType":"539","recordCount":3435}}
{"timestamp":"2025-10-05T13:14:45.203Z","username":"admin","action":"VIEW_HISTORICAL_RESULTS","details":{"gameType":"539","resultCount":3435,"page":1,"limit":50}}
{"timestamp":"2025-10-05T13:15:50.895Z","username":"admin","action":"SYNC_HISTORICAL_RESULTS","details":{"gameType":"539","recordCount":3435}}
{"timestamp":"2025-10-05T13:15:51.137Z","username":"admin","action":"VIEW_HISTORICAL_RESULTS","details":{"gameType":"539","resultCount":3435,"page":1,"limit":50}}
{"timestamp":"2025-10-05T13:25:58.033Z","username":"admin","action":"VIEW_HISTORICAL_RESULTS","details":{"gameType":"539","resultCount":3435,"page":1,"limit":50}}
{"timestamp":"2025-10-05T13:25:58.335Z","username":"admin","action":"VIEW_HISTORICAL_RESULTS","details":{"gameType":"539","resultCount":3435,"page":1,"limit":50}}
{"timestamp":"2025-10-05T13:26:02.795Z","username":"admin","action":"DELETE_HISTORICAL_RESULT","details":{"gameType":"539","resultId":"2025-10-04-0","deletedEntry":{"Date":"2025-10-04","Number 1":2,"Number 2":3,"Number 3":4,"Number 4":10,"Number 5":15,"rowIndex":0}}}
{"timestamp":"2025-10-05T13:26:03.136Z","username":"admin","action":"VIEW_HISTORICAL_RESULTS","details":{"gameType":"539","resultCount":3434,"page":1,"limit":50}}
{"timestamp":"2025-10-05T13:26:43.064Z","username":"admin","action":"SCRAPER_PREVIEW","details":{"resultsFound":1,"validation":{"total":1,"valid":1,"invalid":0,"errors":[],"duplicates":0}}}
{"timestamp":"2025-10-05T13:27:17.138Z","username":"admin","action":"SCRAPER_PREVIEW","details":{"resultsFound":1,"validation":{"total":1,"valid":1,"invalid":0,"errors":[],"duplicates":0}}}
{"timestamp":"2025-10-05T13:27:55.196Z","username":"admin","action":"ADD_HISTORICAL_RESULT","details":{"gameType":"539","numbers":[3,4,10,18,39],"drawDate":"2025-10-04"}}
{"timestamp":"2025-10-05T13:27:55.380Z","username":"admin","action":"VIEW_HISTORICAL_RESULTS","details":{"gameType":"539","resultCount":3435,"page":1,"limit":50}}
{"timestamp":"2025-10-05T13:37:44.156Z","username":"admin","action":"VIEW_HISTORICAL_RESULTS","details":{"gameType":"539","resultCount":3435,"page":1,"limit":50}}
{"timestamp":"2025-10-05T13:37:44.431Z","username":"admin","action":"VIEW_HISTORICAL_RESULTS","details":{"gameType":"539","resultCount":3435,"page":1,"limit":50}}
{"timestamp":"2025-10-05T13:38:11.351Z","username":"admin","action":"VIEW_HISTORICAL_RESULTS","details":{"gameType":"539","resultCount":3435,"page":1,"limit":50}}
{"timestamp":"2025-10-05T13:38:13.381Z","username":"admin","action":"VIEW_HISTORICAL_RESULTS","details":{"gameType":"539","resultCount":3435,"page":1,"limit":50}}
{"timestamp":"2025-10-05T13:38:15.559Z","username":"admin","action":"VIEW_HISTORICAL_RESULTS","details":{"gameType":"539","resultCount":3435,"page":1,"limit":50}}
{"timestamp":"2025-10-05T13:38:18.830Z","username":"admin","action":"VIEW_HISTORICAL_RESULTS","details":{"gameType":"539","resultCount":3435,"page":1,"limit":50}}
{"timestamp":"2025-10-05T13:49:26.964Z","username":"admin","action":"VIEW_HISTORICAL_RESULTS","details":{"gameType":"539","resultCount":3435,"page":1,"limit":50}}
{"timestamp":"2025-10-05T13:49:27.524Z","username":"admin","action":"VIEW_HISTORICAL_RESULTS","details":{"gameType":"539","resultCount":3435,"page":1,"limit":50}}
{"timestamp":"2025-10-05T13:49:30.754Z","username":"admin","action":"VIEW_HISTORICAL_RESULTS","details":{"gameType":"539","resultCount":3435,"page":1,"limit":50}}
{"timestamp":"2025-10-05T13:56:14.208Z","username":"admin","action":"SCRAPER_PREVIEW_MARK6","details":{"resultsFound":1953,"validation":{"total":1953,"valid":1953,"invalid":0,"errors":[],"duplicates":0}}}
{"timestamp":"2025-10-05T14:05:21.704Z","username":"admin","action":"VIEW_HISTORICAL_RESULTS","details":{"gameType":"539","resultCount":3435,"page":1,"limit":50}}
{"timestamp":"2025-10-05T14:05:22.022Z","username":"admin","action":"VIEW_HISTORICAL_RESULTS","details":{"gameType":"539","resultCount":3435,"page":1,"limit":50}}
{"timestamp":"2025-10-05T14:08:50.416Z","username":"admin","action":"SCRAPER_PREVIEW_MARK6","details":{"resultsFound":1700,"validation":{"total":1700,"valid":1700,"invalid":0,"errors":[],"duplicates":0}}}
{"timestamp":"2025-10-05T14:13:33.379Z","username":"admin","action":"SCRAPER_IMPORT_MARK6","details":{"scraped":1700,"added":1700,"skipped":0,"validation":{"total":1700,"valid":1700,"invalid":0,"errors":[],"duplicates":0}}}
{"timestamp":"2025-10-05T14:15:22.122Z","username":"admin","action":"SYNC_HISTORICAL_RESULTS","details":{"gameType":"mark6","recordCount":1700}}
{"timestamp":"2025-10-05T14:15:22.308Z","username":"admin","action":"VIEW_HISTORICAL_RESULTS","details":{"gameType":"mark6","resultCount":1700,"page":1,"limit":50}}
{"timestamp":"2025-10-05T14:19:39.412Z","username":"admin","action":"SCRAPER_PREVIEW_MARK6","details":{"resultsFound":2000,"validation":{"total":2000,"valid":2000,"invalid":0,"errors":[],"duplicates":0}}}
{"timestamp":"2025-10-05T14:25:58.444Z","username":"admin","action":"SCRAPER_PREVIEW_MARK6","details":{"resultsFound":2470,"validation":{"total":2470,"valid":2470,"invalid":0,"errors":[],"duplicates":0}}}
{"timestamp":"2025-10-05T14:31:26.318Z","username":"admin","action":"SCRAPER_IMPORT_MARK6","details":{"scraped":2470,"added":770,"skipped":1700,"validation":{"total":2470,"valid":2470,"invalid":0,"errors":[],"duplicates":0}}}
{"timestamp":"2025-10-05T14:32:34.158Z","username":"admin","action":"SYNC_HISTORICAL_RESULTS","details":{"gameType":"mark6","recordCount":2470}}
{"timestamp":"2025-10-05T14:32:34.353Z","username":"admin","action":"VIEW_HISTORICAL_RESULTS","details":{"gameType":"mark6","resultCount":2470,"page":1,"limit":50}}
{"timestamp":"2025-10-05T22:04:11.878Z","username":"admin","action":"VIEW_HISTORICAL_RESULTS","details":{"gameType":"539","resultCount":3435,"page":1,"limit":50}}
{"timestamp":"2025-10-05T22:04:12.413Z","username":"admin","action":"VIEW_HISTORICAL_RESULTS","details":{"gameType":"539","resultCount":3435,"page":1,"limit":50}}
{"timestamp":"2025-10-05T22:04:25.494Z","username":"admin","action":"VIEW_HISTORICAL_RESULTS","details":{"gameType":"mark6","resultCount":2470,"page":1,"limit":50}}
{"timestamp":"2025-10-05T22:04:28.084Z","username":"admin","action":"VIEW_HISTORICAL_RESULTS","details":{"gameType":"539","resultCount":3435,"page":1,"limit":50}}
{"timestamp":"2025-10-05T22:04:29.175Z","username":"admin","action":"VIEW_HISTORICAL_RESULTS","details":{"gameType":"mark6","resultCount":2470,"page":1,"limit":50}}
{"timestamp":"2025-10-05T22:04:31.401Z","username":"admin","action":"VIEW_HISTORICAL_RESULTS","details":{"gameType":"539","resultCount":3435,"page":1,"limit":50}}
{"timestamp":"2025-10-05T22:04:31.970Z","username":"admin","action":"VIEW_HISTORICAL_RESULTS","details":{"gameType":"mark6","resultCount":2470,"page":1,"limit":50}}
{"timestamp":"2025-10-05T22:26:45.544Z","username":"admin","action":"VIEW_HISTORICAL_RESULTS","details":{"gameType":"539","resultCount":3435,"page":1,"limit":50}}
{"timestamp":"2025-10-05T22:26:46.108Z","username":"admin","action":"VIEW_HISTORICAL_RESULTS","details":{"gameType":"539","resultCount":3435,"page":1,"limit":50}}
{"timestamp":"2025-10-05T22:31:28.471Z","username":"admin","action":"VIEW_HISTORICAL_RESULTS","details":{"gameType":"539","resultCount":3435,"page":1,"limit":50}}
{"timestamp":"2025-10-05T22:31:28.726Z","username":"admin","action":"VIEW_HISTORICAL_RESULTS","details":{"gameType":"539","resultCount":3435,"page":1,"limit":50}}
{"timestamp":"2025-10-05T22:31:48.024Z","username":"admin","action":"TRIGGER_MANUAL_SCRAPE","details":{"gameType":"539","result":{"success":true,"scraped":50,"added":0,"skipped":50,"total":3435,"validation":{"total":50,"valid":50,"invalid":0,"errors":[],"duplicates":0},"timestamp":"2025-10-05T22:31:48.023Z"}}}
{"timestamp":"2025-10-05T22:31:56.320Z","username":"admin","action":"VIEW_HISTORICAL_RESULTS","details":{"gameType":"mark6","resultCount":2470,"page":1,"limit":50}}
{"timestamp":"2025-10-05T22:32:09.573Z","username":"admin","action":"TRIGGER_MANUAL_SCRAPE","details":{"gameType":"mark6","result":{"success":true,"scraped":50,"added":0,"skipped":50,"total":2470,"validation":{"total":50,"valid":50,"invalid":0,"errors":[],"duplicates":0},"timestamp":"2025-10-05T22:32:09.572Z"}}}
{"timestamp":"2025-10-05T22:33:04.407Z","username":"admin","action":"VIEW_HISTORICAL_RESULTS","details":{"gameType":"539","resultCount":3435,"page":1,"limit":50}}
{"timestamp":"2025-10-05T22:33:04.885Z","username":"admin","action":"VIEW_HISTORICAL_RESULTS","details":{"gameType":"539","resultCount":3435,"page":1,"limit":50}}
{"timestamp":"2025-10-05T23:15:39.036Z","username":"admin","action":"VIEW_HISTORICAL_RESULTS","details":{"gameType":"539","resultCount":3435,"page":1,"limit":50}}
{"timestamp":"2025-10-05T23:15:39.542Z","username":"admin","action":"VIEW_HISTORICAL_RESULTS","details":{"gameType":"539","resultCount":3435,"page":1,"limit":50}}
{"timestamp":"2025-10-05T23:30:50.073Z","username":"admin","action":"VIEW_HISTORICAL_RESULTS","details":{"gameType":"539","resultCount":3435,"page":1,"limit":50}}
{"timestamp":"2025-10-05T23:30:50.612Z","username":"admin","action":"VIEW_HISTORICAL_RESULTS","details":{"gameType":"539","resultCount":3435,"page":1,"limit":50}}
{"timestamp":"2025-10-05T23:33:09.468Z","username":"admin","action":"SCRAPER_PREVIEW_LOTTO649","details":{"resultsFound":0,"validation":{"total":0,"valid":0,"invalid":0,"validationRate":"0%"}}}
{"timestamp":"2025-10-05T23:44:46.605Z","username":"admin","action":"VIEW_HISTORICAL_RESULTS","details":{"gameType":"539","resultCount":3435,"page":1,"limit":50}}
{"timestamp":"2025-10-05T23:44:47.192Z","username":"admin","action":"VIEW_HISTORICAL_RESULTS","details":{"gameType":"539","resultCount":3435,"page":1,"limit":50}}
{"timestamp":"2025-10-05T23:57:35.341Z","username":"admin","action":"VIEW_HISTORICAL_RESULTS","details":{"gameType":"539","resultCount":3435,"page":1,"limit":50}}
{"timestamp":"2025-10-05T23:57:35.807Z","username":"admin","action":"VIEW_HISTORICAL_RESULTS","details":{"gameType":"539","resultCount":3435,"page":1,"limit":50}}
{"timestamp":"2025-10-06T00:04:58.527Z","username":"admin","action":"VIEW_HISTORICAL_RESULTS","details":{"gameType":"539","resultCount":3435,"page":1,"limit":50}}
{"timestamp":"2025-10-06T00:04:58.801Z","username":"admin","action":"VIEW_HISTORICAL_RESULTS","details":{"gameType":"539","resultCount":3435,"page":1,"limit":50}}
{"timestamp":"2025-10-06T00:08:22.018Z","username":"admin","action":"VIEW_HISTORICAL_RESULTS","details":{"gameType":"539","resultCount":3435,"page":1,"limit":50}}
{"timestamp":"2025-10-06T00:08:22.538Z","username":"admin","action":"VIEW_HISTORICAL_RESULTS","details":{"gameType":"539","resultCount":3435,"page":1,"limit":50}}
{"timestamp":"2025-10-06T00:08:28.633Z","username":"admin","action":"SCRAPER_PREVIEW_LOTTO649","details":{"resultsFound":50,"validation":{"total":50,"valid":50,"invalid":0,"validationRate":"100%"}}}
{"timestamp":"2025-10-06T00:08:49.633Z","username":"admin","action":"SCRAPER_PREVIEW_LOTTO649","details":{"resultsFound":100,"validation":{"total":100,"valid":100,"invalid":0,"validationRate":"100%"}}}
{"timestamp":"2025-10-06T00:10:22.663Z","username":"admin","action":"SCRAPER_PREVIEW_LOTTO649","details":{"resultsFound":1953,"validation":{"total":1953,"valid":1953,"invalid":0,"validationRate":"100%"}}}
{"timestamp":"2025-10-06T00:12:50.232Z","username":"admin","action":"SCRAPER_IMPORT_LOTTO649","details":{"scraped":1953,"added":1953,"skipped":0,"validation":{"total":1953,"valid":1953,"invalid":0,"validationRate":"100%"}}}
{"timestamp":"2025-10-06T00:13:26.033Z","username":"admin","action":"SYNC_HISTORICAL_RESULTS","details":{"gameType":"lotto649","recordCount":1953}}
{"timestamp":"2025-10-06T00:13:26.494Z","username":"admin","action":"VIEW_HISTORICAL_RESULTS","details":{"gameType":"lotto649","resultCount":1953,"page":1,"limit":50}}
{"timestamp":"2025-10-06T00:13:31.339Z","username":"admin","action":"VIEW_HISTORICAL_RESULTS","details":{"gameType":"mark6","resultCount":2470,"page":1,"limit":50}}
{"timestamp":"2025-10-06T00:13:32.927Z","username":"admin","action":"VIEW_HISTORICAL_RESULTS","details":{"gameType":"539","resultCount":3435,"page":1,"limit":50}}
{"timestamp":"2025-10-06T00:13:33.390Z","username":"admin","action":"VIEW_HISTORICAL_RESULTS","details":{"gameType":"lotto649","resultCount":1953,"page":1,"limit":50}}
{"timestamp":"2025-10-06T01:44:19.107Z","username":"admin","action":"VIEW_HISTORICAL_RESULTS","details":{"gameType":"539","resultCount":3435,"page":1,"limit":50}}
{"timestamp":"2025-10-06T01:44:19.657Z","username":"admin","action":"VIEW_HISTORICAL_RESULTS","details":{"gameType":"539","resultCount":3435,"page":1,"limit":50}}
{"timestamp":"2025-10-06T01:44:21.200Z","username":"admin","action":"VIEW_HISTORICAL_RESULTS","details":{"gameType":"lotto649","resultCount":1953,"page":1,"limit":50}}
{"timestamp":"2025-10-06T01:44:22.597Z","username":"admin","action":"VIEW_HISTORICAL_RESULTS","details":{"gameType":"mark6","resultCount":2470,"page":1,"limit":50}}
{"timestamp":"2025-10-06T03:47:30.050Z","username":"admin","action":"VIEW_HISTORICAL_RESULTS","details":{"gameType":"539","resultCount":3435,"page":1,"limit":50}}
{"timestamp":"2025-10-06T03:47:30.502Z","username":"admin","action":"VIEW_HISTORICAL_RESULTS","details":{"gameType":"539","resultCount":3435,"page":1,"limit":50}}
{"timestamp":"2025-10-06T03:47:31.777Z","username":"admin","action":"VIEW_HISTORICAL_RESULTS","details":{"gameType":"lotto649","resultCount":1953,"page":1,"limit":50}}
{"timestamp":"2025-10-06T03:47:33.117Z","username":"admin","action":"VIEW_HISTORICAL_RESULTS","details":{"gameType":"mark6","resultCount":2470,"page":1,"limit":50}}
{"timestamp":"2025-10-06T03:47:33.894Z","username":"admin","action":"VIEW_HISTORICAL_RESULTS","details":{"gameType":"539","resultCount":3435,"page":1,"limit":50}}
{"timestamp":"2025-10-06T03:47:35.021Z","username":"admin","action":"VIEW_HISTORICAL_RESULTS","details":{"gameType":"mark6","resultCount":2470,"page":1,"limit":50}}
{"timestamp":"2025-10-06T03:47:35.412Z","username":"admin","action":"VIEW_HISTORICAL_RESULTS","details":{"gameType":"lotto649","resultCount":1953,"page":1,"limit":50}}
{"timestamp":"2025-10-06T03:47:36.562Z","username":"admin","action":"VIEW_HISTORICAL_RESULTS","details":{"gameType":"539","resultCount":3435,"page":1,"limit":50}}
{"timestamp":"2025-10-06T03:47:36.918Z","username":"admin","action":"VIEW_HISTORICAL_RESULTS","details":{"gameType":"mark6","resultCount":2470,"page":1,"limit":50}}
{"timestamp":"2025-10-06T03:47:37.680Z","username":"admin","action":"VIEW_HISTORICAL_RESULTS","details":{"gameType":"lotto649","resultCount":1953,"page":1,"limit":50}}
{"timestamp":"2025-10-06T03:47:37.981Z","username":"admin","action":"VIEW_HISTORICAL_RESULTS","details":{"gameType":"539","resultCount":3435,"page":1,"limit":50}}
{"timestamp":"2025-10-06T03:47:38.778Z","username":"admin","action":"VIEW_HISTORICAL_RESULTS","details":{"gameType":"mark6","resultCount":2470,"page":1,"limit":50}}
{"timestamp":"2025-10-06T03:47:38.951Z","username":"admin","action":"VIEW_HISTORICAL_RESULTS","details":{"gameType":"lotto649","resultCount":1953,"page":1,"limit":50}}
{"timestamp":"2025-10-06T03:47:40.016Z","username":"admin","action":"VIEW_HISTORICAL_RESULTS","details":{"gameType":"539","resultCount":3435,"page":1,"limit":50}}
{"timestamp":"2025-10-06T03:47:40.734Z","username":"admin","action":"VIEW_HISTORICAL_RESULTS","details":{"gameType":"mark6","resultCount":2470,"page":1,"limit":50}}
{"timestamp":"2025-10-06T03:47:40.938Z","username":"admin","action":"VIEW_HISTORICAL_RESULTS","details":{"gameType":"lotto649","resultCount":1953,"page":1,"limit":50}}
{"timestamp":"2025-10-06T03:47:41.312Z","username":"admin","action":"VIEW_HISTORICAL_RESULTS","details":{"gameType":"539","resultCount":3435,"page":1,"limit":50}}
{"timestamp":"2025-10-06T03:47:42.007Z","username":"admin","action":"VIEW_HISTORICAL_RESULTS","details":{"gameType":"mark6","resultCount":2470,"page":1,"limit":50}}
{"timestamp":"2025-10-06T03:47:42.230Z","username":"admin","action":"VIEW_HISTORICAL_RESULTS","details":{"gameType":"lotto649","resultCount":1953,"page":1,"limit":50}}
{"timestamp":"2025-10-06T03:47:42.623Z","username":"admin","action":"VIEW_HISTORICAL_RESULTS","details":{"gameType":"539","resultCount":3435,"page":1,"limit":50}}
{"timestamp":"2025-10-06T03:47:43.318Z","username":"admin","action":"VIEW_HISTORICAL_RESULTS","details":{"gameType":"mark6","resultCount":2470,"page":1,"limit":50}}
{"timestamp":"2025-10-06T03:47:43.523Z","username":"admin","action":"VIEW_HISTORICAL_RESULTS","details":{"gameType":"lotto649","resultCount":1953,"page":1,"limit":50}}
{"timestamp":"2025-10-06T03:47:44.425Z","username":"admin","action":"VIEW_HISTORICAL_RESULTS","details":{"gameType":"539","resultCount":3435,"page":1,"limit":50}}
{"timestamp":"2025-10-06T03:47:45.089Z","username":"admin","action":"VIEW_HISTORICAL_RESULTS","details":{"gameType":"mark6","resultCount":2470,"page":1,"limit":50}}
{"timestamp":"2025-10-06T03:47:45.263Z","username":"admin","action":"VIEW_HISTORICAL_RESULTS","details":{"gameType":"lotto649","resultCount":1953,"page":1,"limit":50}}
{"timestamp":"2025-10-06T03:47:45.583Z","username":"admin","action":"VIEW_HISTORICAL_RESULTS","details":{"gameType":"539","resultCount":3435,"page":1,"limit":50}}
{"timestamp":"2025-10-06T03:47:46.260Z","username":"admin","action":"VIEW_HISTORICAL_RESULTS","details":{"gameType":"mark6","resultCount":2470,"page":1,"limit":50}}
{"timestamp":"2025-10-06T03:47:46.490Z","username":"admin","action":"VIEW_HISTORICAL_RESULTS","details":{"gameType":"lotto649","resultCount":1953,"page":1,"limit":50}}
{"timestamp":"2025-10-06T03:47:46.911Z","username":"admin","action":"VIEW_HISTORICAL_RESULTS","details":{"gameType":"539","resultCount":3435,"page":1,"limit":50}}
{"timestamp":"2025-10-06T03:47:47.591Z","username":"admin","action":"VIEW_HISTORICAL_RESULTS","details":{"gameType":"mark6","resultCount":2470,"page":1,"limit":50}}
{"timestamp":"2025-10-06T03:47:47.788Z","username":"admin","action":"VIEW_HISTORICAL_RESULTS","details":{"gameType":"lotto649","resultCount":1953,"page":1,"limit":50}}
{"timestamp":"2025-10-06T03:47:48.149Z","username":"admin","action":"VIEW_HISTORICAL_RESULTS","details":{"gameType":"539","resultCount":3435,"page":1,"limit":50}}
{"timestamp":"2025-10-06T03:47:48.783Z","username":"admin","action":"VIEW_HISTORICAL_RESULTS","details":{"gameType":"mark6","resultCount":2470,"page":1,"limit":50}}
{"timestamp":"2025-10-06T03:47:49.046Z","username":"admin","action":"VIEW_HISTORICAL_RESULTS","details":{"gameType":"lotto649","resultCount":1953,"page":1,"limit":50}}
{"timestamp":"2025-10-06T03:47:49.399Z","username":"admin","action":"VIEW_HISTORICAL_RESULTS","details":{"gameType":"mark6","resultCount":2470,"page":1,"limit":50}}
{"timestamp":"2025-10-06T03:47:50.420Z","username":"admin","action":"VIEW_HISTORICAL_RESULTS","details":{"gameType":"539","resultCount":3435,"page":1,"limit":50}}
{"timestamp":"2025-10-06T03:47:50.555Z","username":"admin","action":"VIEW_HISTORICAL_RESULTS","details":{"gameType":"lotto649","resultCount":1953,"page":1,"limit":50}}
{"timestamp":"2025-10-06T03:47:50.765Z","username":"admin","action":"VIEW_HISTORICAL_RESULTS","details":{"gameType":"mark6","resultCount":2470,"page":1,"limit":50}}
{"timestamp":"2025-10-06T03:47:51.500Z","username":"admin","action":"VIEW_HISTORICAL_RESULTS","details":{"gameType":"539","resultCount":3435,"page":1,"limit":50}}
{"timestamp":"2025-10-06T03:47:51.729Z","username":"admin","action":"VIEW_HISTORICAL_RESULTS","details":{"gameType":"lotto649","resultCount":1953,"page":1,"limit":50}}
{"timestamp":"2025-10-06T03:47:51.982Z","username":"admin","action":"VIEW_HISTORICAL_RESULTS","details":{"gameType":"mark6","resultCount":2470,"page":1,"limit":50}}
{"timestamp":"2025-10-06T03:47:52.672Z","username":"admin","action":"VIEW_HISTORICAL_RESULTS","details":{"gameType":"539","resultCount":3435,"page":1,"limit":50}}
{"timestamp":"2025-10-06T03:48:27.802Z","username":"admin","action":"VIEW_HISTORICAL_RESULTS","details":{"gameType":"539","resultCount":3435,"page":1,"limit":50}}
{"timestamp":"2025-10-06T03:48:28.252Z","username":"admin","action":"VIEW_HISTORICAL_RESULTS","details":{"gameType":"539","resultCount":3435,"page":1,"limit":50}}
{"timestamp":"2025-10-06T03:48:28.792Z","username":"admin","action":"VIEW_HISTORICAL_RESULTS","details":{"gameType":"lotto649","resultCount":1953,"page":1,"limit":50}}
{"timestamp":"2025-10-06T03:48:32.509Z","username":"admin","action":"VIEW_HISTORICAL_RESULTS","details":{"gameType":"mark6","resultCount":2470,"page":1,"limit":50}}
{"timestamp":"2025-10-06T03:52:48.409Z","username":"admin","action":"VIEW_HISTORICAL_RESULTS","details":{"gameType":"539","resultCount":3435,"page":1,"limit":50}}
{"timestamp":"2025-10-06T03:52:48.700Z","username":"admin","action":"VIEW_HISTORICAL_RESULTS","details":{"gameType":"539","resultCount":3435,"page":1,"limit":50}}
{"timestamp":"2025-10-07T14:16:53.725Z","username":"admin","action":"VIEW_HISTORICAL_RESULTS","details":{"gameType":"539","resultCount":3435,"page":1,"limit":50}}
{"timestamp":"2025-10-07T14:16:54.107Z","username":"admin","action":"VIEW_HISTORICAL_RESULTS","details":{"gameType":"539","resultCount":3435,"page":1,"limit":50}}
{"timestamp":"2025-10-07T14:17:27.353Z","username":"admin","action":"TRIGGER_MANUAL_SCRAPE","details":{"gameType":"539","result":{"success":false,"error":"EBUSY: resource busy or locked, open 'C:\\Users\\Benson\\Desktop\\Remotion-Content-Creation\\ai-lottery-predictor3\\backend\\data\\539PAST2025RESULT.xlsx'","timestamp":"2025-10-07T14:17:27.353Z"}}}
{"timestamp":"2025-10-07T14:17:51.224Z","username":"admin","action":"TRIGGER_MANUAL_SCRAPE","details":{"gameType":"539","result":{"success":true,"scraped":50,"added":1,"skipped":49,"total":3436,"validation":{"total":50,"valid":50,"invalid":0,"errors":[],"duplicates":0},"timestamp":"2025-10-07T14:17:51.224Z"}}}
{"timestamp":"2025-10-07T14:18:01.819Z","username":"admin","action":"SYNC_HISTORICAL_RESULTS","details":{"gameType":"539","recordCount":3436}}
{"timestamp":"2025-10-07T14:18:02.110Z","username":"admin","action":"VIEW_HISTORICAL_RESULTS","details":{"gameType":"539","resultCount":3436,"page":1,"limit":50}}
{"timestamp":"2025-10-07T22:26:05.658Z","username":"admin","action":"VIEW_HISTORICAL_RESULTS","details":{"gameType":"539","resultCount":3436,"page":1,"limit":50}}
{"timestamp":"2025-10-07T22:26:05.936Z","username":"admin","action":"VIEW_HISTORICAL_RESULTS","details":{"gameType":"539","resultCount":3436,"page":1,"limit":50}}
{"timestamp":"2025-10-07T22:26:22.506Z","username":"admin","action":"TRIGGER_MANUAL_SCRAPE","details":{"gameType":"539","result":{"success":true,"scraped":50,"added":0,"skipped":50,"total":3436,"validation":{"total":50,"valid":50,"invalid":0,"errors":[],"duplicates":0},"timestamp":"2025-10-07T22:26:22.505Z"}}}
{"timestamp":"2025-10-07T22:26:54.476Z","username":"admin","action":"SCRAPER_PREVIEW_539","details":{"resultsFound":1,"validation":{"total":1,"valid":1,"invalid":0,"errors":[],"duplicates":0}}}
{"timestamp":"2025-10-07T22:40:26.135Z","username":"admin","action":"VIEW_HISTORICAL_RESULTS","details":{"gameType":"539","resultCount":3436,"page":1,"limit":50}}
{"timestamp":"2025-10-07T22:40:26.638Z","username":"admin","action":"VIEW_HISTORICAL_RESULTS","details":{"gameType":"539","resultCount":3436,"page":1,"limit":50}}
{"timestamp":"2025-10-07T22:41:02.842Z","username":"admin","action":"TRIGGER_MANUAL_SCRAPE","details":{"gameType":"539","result":{"success":true,"scraped":50,"added":0,"skipped":50,"total":3436,"validation":{"total":50,"valid":50,"invalid":0,"errors":[],"duplicates":0},"timestamp":"2025-10-07T22:41:02.841Z"}}}
{"timestamp":"2025-10-07T22:56:12.562Z","username":"admin","action":"VIEW_HISTORICAL_RESULTS","details":{"gameType":"539","resultCount":3436,"page":1,"limit":50}}
{"timestamp":"2025-10-07T22:56:12.828Z","username":"admin","action":"VIEW_HISTORICAL_RESULTS","details":{"gameType":"539","resultCount":3436,"page":1,"limit":50}}
{"timestamp":"2025-10-07T22:56:16.700Z","username":"admin","action":"DELETE_HISTORICAL_RESULT","details":{"gameType":"539","resultId":"2025-10-06-0","deletedEntry":{"Date":"2025-10-06","Number 1":2,"Number 2":3,"Number 3":5,"Number 4":8,"Number 5":39,"rowIndex":0}}}
{"timestamp":"2025-10-07T22:56:16.883Z","username":"admin","action":"VIEW_HISTORICAL_RESULTS","details":{"gameType":"539","resultCount":3435,"page":1,"limit":50}}
{"timestamp":"2025-10-07T22:56:33.715Z","username":"admin","action":"TRIGGER_MANUAL_SCRAPE","details":{"gameType":"539","result":{"success":true,"scraped":50,"added":2,"skipped":48,"total":3437,"validation":{"total":50,"valid":50,"invalid":0,"errors":[],"duplicates":0},"timestamp":"2025-10-07T22:56:33.714Z"}}}
{"timestamp":"2025-10-07T22:56:48.546Z","username":"admin","action":"SYNC_HISTORICAL_RESULTS","details":{"gameType":"539","recordCount":3437}}
{"timestamp":"2025-10-07T22:56:48.803Z","username":"admin","action":"VIEW_HISTORICAL_RESULTS","details":{"gameType":"539","resultCount":3437,"page":1,"limit":50}}
{"timestamp":"2025-10-07T22:56:56.159Z","username":"admin","action":"VIEW_HISTORICAL_RESULTS","details":{"gameType":"mark6","resultCount":2470,"page":1,"limit":50}}
{"timestamp":"2025-10-07T22:57:09.397Z","username":"admin","action":"TRIGGER_MANUAL_SCRAPE","details":{"gameType":"mark6","result":{"success":true,"scraped":50,"added":1,"skipped":49,"total":2471,"validation":{"total":50,"valid":50,"invalid":0,"errors":[],"duplicates":0},"timestamp":"2025-10-07T22:57:09.397Z"}}}
{"timestamp":"2025-10-07T22:57:44.040Z","username":"admin","action":"TRIGGER_MANUAL_SCRAPE","details":{"gameType":"mark6","result":{"success":true,"scraped":50,"added":0,"skipped":50,"total":2471,"validation":{"total":50,"valid":50,"invalid":0,"errors":[],"duplicates":0},"timestamp":"2025-10-07T22:57:44.040Z"}}}
{"timestamp":"2025-10-07T22:57:54.663Z","username":"admin","action":"SYNC_HISTORICAL_RESULTS","details":{"gameType":"mark6","recordCount":2471}}
{"timestamp":"2025-10-07T22:57:54.926Z","username":"admin","action":"VIEW_HISTORICAL_RESULTS","details":{"gameType":"mark6","resultCount":2471,"page":1,"limit":50}}
{"timestamp":"2025-10-07T22:57:58.160Z","username":"admin","action":"VIEW_HISTORICAL_RESULTS","details":{"gameType":"lotto649","resultCount":1953,"page":1,"limit":50}}
{"timestamp":"2025-10-08T01:04:20.861Z","username":"admin","action":"VIEW_HISTORICAL_RESULTS","details":{"gameType":"539","resultCount":3437,"page":1,"limit":50}}
{"timestamp":"2025-10-08T01:15:26.437Z","username":"admin","action":"VIEW_HISTORICAL_RESULTS","details":{"gameType":"539","resultCount":3437,"page":1,"limit":50}}
{"timestamp":"2025-10-08T01:15:26.720Z","username":"admin","action":"VIEW_HISTORICAL_RESULTS","details":{"gameType":"539","resultCount":3437,"page":1,"limit":50}}
{"timestamp":"2025-10-08T01:23:31.130Z","username":"admin","action":"VIEW_HISTORICAL_RESULTS","details":{"gameType":"539","resultCount":3437,"page":1,"limit":50}}
{"timestamp":"2025-10-08T01:23:31.625Z","username":"admin","action":"VIEW_HISTORICAL_RESULTS","details":{"gameType":"539","resultCount":3437,"page":1,"limit":50}}
{"timestamp":"2025-10-08T01:25:39.970Z","username":"admin","action":"VIEW_HISTORICAL_RESULTS","details":{"gameType":"539","resultCount":3437,"page":1,"limit":50}}
{"timestamp":"2025-10-08T01:25:40.154Z","username":"admin","action":"VIEW_HISTORICAL_RESULTS","details":{"gameType":"539","resultCount":3437,"page":1,"limit":50}}
{"timestamp":"2025-10-08T01:25:51.248Z","username":"admin","action":"VIEW_HISTORICAL_RESULTS","details":{"gameType":"539","resultCount":3437,"page":1,"limit":50}}
{"timestamp":"2025-10-08T01:25:51.481Z","username":"admin","action":"VIEW_HISTORICAL_RESULTS","details":{"gameType":"539","resultCount":3437,"page":1,"limit":50}}
{"timestamp":"2025-10-08T01:25:52.582Z","username":"admin","action":"VIEW_HISTORICAL_RESULTS","details":{"gameType":"lotto649","resultCount":1953,"page":1,"limit":50}}
{"timestamp":"2025-10-08T01:25:55.283Z","username":"admin","action":"VIEW_HISTORICAL_RESULTS","details":{"gameType":"mark6","resultCount":2471,"page":1,"limit":50}}
{"timestamp":"2025-10-08T01:25:56.300Z","username":"admin","action":"VIEW_HISTORICAL_RESULTS","details":{"gameType":"lotto649","resultCount":1953,"page":1,"limit":50}}
{"timestamp":"2025-10-08T02:18:56.177Z","username":"admin","action":"VIEW_HISTORICAL_RESULTS","details":{"gameType":"539","resultCount":3437,"page":1,"limit":50}}
{"timestamp":"2025-10-08T02:18:56.653Z","username":"admin","action":"VIEW_HISTORICAL_RESULTS","details":{"gameType":"539","resultCount":3437,"page":1,"limit":50}}
{"timestamp":"2025-10-08T02:18:57.240Z","username":"admin","action":"VIEW_HISTORICAL_RESULTS","details":{"gameType":"lotto649","resultCount":1953,"page":1,"limit":50}}
{"timestamp":"2025-10-08T02:19:32.645Z","username":"admin","action":"VIEW_HISTORICAL_RESULTS","details":{"gameType":"539","resultCount":3437,"page":1,"limit":50}}
{"timestamp":"2025-10-08T02:19:33.155Z","username":"admin","action":"VIEW_HISTORICAL_RESULTS","details":{"gameType":"539","resultCount":3437,"page":1,"limit":50}}
{"timestamp":"2025-10-08T02:19:33.620Z","username":"admin","action":"VIEW_HISTORICAL_RESULTS","details":{"gameType":"lotto649","resultCount":1953,"page":1,"limit":50}}
{"timestamp":"2025-10-08T02:19:36.895Z","username":"admin","action":"VIEW_HISTORICAL_RESULTS","details":{"gameType":"mark6","resultCount":2471,"page":1,"limit":50}}
{"timestamp":"2025-10-09T18:20:42.591Z","username":"admin","action":"VIEW_HISTORICAL_RESULTS","details":{"gameType":"539","resultCount":3437,"page":1,"limit":50}}
{"timestamp":"2025-10-09T18:20:43.162Z","username":"admin","action":"VIEW_HISTORICAL_RESULTS","details":{"gameType":"539","resultCount":3437,"page":1,"limit":50}}
{"timestamp":"2025-10-09T18:21:00.374Z","username":"admin","action":"TRIGGER_MANUAL_SCRAPE","details":{"gameType":"539","result":{"success":true,"scraped":50,"added":2,"skipped":48,"total":3439,"validation":{"total":50,"valid":50,"invalid":0,"errors":[],"duplicates":0},"timestamp":"2025-10-09T18:21:00.373Z"}}}
{"timestamp":"2025-10-09T18:21:07.647Z","username":"admin","action":"SYNC_HISTORICAL_RESULTS","details":{"gameType":"539","recordCount":3439}}
{"timestamp":"2025-10-09T18:21:07.886Z","username":"admin","action":"VIEW_HISTORICAL_RESULTS","details":{"gameType":"539","resultCount":3439,"page":1,"limit":50}}
{"timestamp":"2025-10-09T18:21:29.572Z","username":"admin","action":"VIEW_HISTORICAL_RESULTS","details":{"gameType":"539","resultCount":3439,"page":1,"limit":6}}
{"timestamp":"2025-10-09T18:21:29.806Z","username":"admin","action":"VIEW_HISTORICAL_RESULTS","details":{"gameType":"539","resultCount":3439,"page":1,"limit":6}}
{"timestamp":"2025-10-09T18:27:34.102Z","username":"admin","action":"VIEW_HISTORICAL_RESULTS","details":{"gameType":"539","resultCount":3439,"page":1,"limit":6}}
{"timestamp":"2025-10-09T18:27:34.300Z","username":"admin","action":"VIEW_HISTORICAL_RESULTS","details":{"gameType":"539","resultCount":3439,"page":1,"limit":6}}
{"timestamp":"2025-10-09T18:39:22.952Z","username":"admin","action":"VIEW_HISTORICAL_RESULTS","details":{"gameType":"539","resultCount":3439,"page":1,"limit":50}}
{"timestamp":"2025-10-09T18:39:23.450Z","username":"admin","action":"VIEW_HISTORICAL_RESULTS","details":{"gameType":"539","resultCount":3439,"page":1,"limit":50}}
{"timestamp":"2025-10-09T18:52:01.834Z","username":"admin","action":"VIEW_HISTORICAL_RESULTS","details":{"gameType":"539","resultCount":3439,"page":1,"limit":6}}
{"timestamp":"2025-10-09T18:52:02.226Z","username":"admin","action":"VIEW_HISTORICAL_RESULTS","details":{"gameType":"539","resultCount":3439,"page":1,"limit":6}}
{"timestamp":"2025-10-09T19:30:33.323Z","username":"admin","action":"VIEW_HISTORICAL_RESULTS","details":{"gameType":"539","resultCount":3439,"page":1,"limit":6}}
{"timestamp":"2025-10-09T19:30:33.474Z","username":"admin","action":"VIEW_HISTORICAL_RESULTS","details":{"gameType":"539","resultCount":3439,"page":1,"limit":6}}
{"timestamp":"2025-10-09T19:31:16.485Z","username":"admin","action":"VIEW_HISTORICAL_RESULTS","details":{"gameType":"539","resultCount":3439,"page":1,"limit":6}}
{"timestamp":"2025-10-09T19:31:16.921Z","username":"admin","action":"VIEW_HISTORICAL_RESULTS","details":{"gameType":"539","resultCount":3439,"page":1,"limit":6}}
{"timestamp":"2025-10-09T19:36:29.444Z","username":"admin","action":"VIEW_HISTORICAL_RESULTS","details":{"gameType":"539","resultCount":3439,"page":1,"limit":6}}
{"timestamp":"2025-10-09T19:36:31.021Z","username":"admin","action":"VIEW_HISTORICAL_RESULTS","details":{"gameType":"539","resultCount":3439,"page":1,"limit":6}}
{"timestamp":"2025-10-09T19:36:34.213Z","username":"admin","action":"VIEW_HISTORICAL_RESULTS","details":{"gameType":"539","resultCount":3439,"page":1,"limit":6}}
{"timestamp":"2025-10-09T19:36:34.659Z","username":"admin","action":"VIEW_HISTORICAL_RESULTS","details":{"gameType":"539","resultCount":3439,"page":1,"limit":6}}
{"timestamp":"2025-10-09T19:41:25.788Z","username":"admin","action":"VIEW_HISTORICAL_RESULTS","details":{"gameType":"539","resultCount":3439,"page":1,"limit":6}}
{"timestamp":"2025-10-09T19:41:26.225Z","username":"admin","action":"VIEW_HISTORICAL_RESULTS","details":{"gameType":"539","resultCount":3439,"page":1,"limit":6}}
{"timestamp":"2025-10-09T19:46:28.844Z","username":"admin","action":"VIEW_HISTORICAL_RESULTS","details":{"gameType":"539","resultCount":3439,"page":1,"limit":4}}
{"timestamp":"2025-10-09T19:46:30.104Z","username":"admin","action":"VIEW_HISTORICAL_RESULTS","details":{"gameType":"539","resultCount":3439,"page":1,"limit":2}}
{"timestamp":"2025-10-09T19:46:31.379Z","username":"admin","action":"VIEW_HISTORICAL_RESULTS","details":{"gameType":"539","resultCount":3439,"page":1,"limit":6}}
{"timestamp":"2025-10-09T20:05:28.342Z","username":"admin","action":"VIEW_HISTORICAL_RESULTS","details":{"gameType":"539","resultCount":3439,"page":1,"limit":6}}
{"timestamp":"2025-10-09T20:05:28.495Z","username":"admin","action":"VIEW_HISTORICAL_RESULTS","details":{"gameType":"539","resultCount":3439,"page":1,"limit":6}}
{"timestamp":"2025-10-09T20:05:30.831Z","username":"admin","action":"VIEW_HISTORICAL_RESULTS","details":{"gameType":"539","resultCount":3439,"page":1,"limit":12}}
{"timestamp":"2025-10-09T20:05:47.974Z","username":"admin","action":"VIEW_HISTORICAL_RESULTS","details":{"gameType":"539","resultCount":3439,"page":1,"limit":10}}
{"timestamp":"2025-10-09T20:05:48.334Z","username":"admin","action":"VIEW_HISTORICAL_RESULTS","details":{"gameType":"539","resultCount":3439,"page":1,"limit":8}}
{"timestamp":"2025-10-09T20:05:51.237Z","username":"admin","action":"VIEW_HISTORICAL_RESULTS","details":{"gameType":"539","resultCount":3439,"page":1,"limit":6}}
{"timestamp":"2025-10-09T20:05:52.398Z","username":"admin","action":"VIEW_HISTORICAL_RESULTS","details":{"gameType":"539","resultCount":3439,"page":1,"limit":4}}
{"timestamp":"2025-10-09T20:05:53.228Z","username":"admin","action":"VIEW_HISTORICAL_RESULTS","details":{"gameType":"539","resultCount":3439,"page":1,"limit":2}}
{"timestamp":"2025-10-09T20:05:55.096Z","username":"admin","action":"VIEW_HISTORICAL_RESULTS","details":{"gameType":"539","resultCount":3439,"page":1,"limit":6}}
{"timestamp":"2025-10-09T20:05:55.297Z","username":"admin","action":"VIEW_HISTORICAL_RESULTS","details":{"gameType":"539","resultCount":3439,"page":1,"limit":8}}
{"timestamp":"2025-10-09T20:05:56.651Z","username":"admin","action":"VIEW_HISTORICAL_RESULTS","details":{"gameType":"539","resultCount":3439,"page":1,"limit":10}}
{"timestamp":"2025-10-09T20:05:59.327Z","username":"admin","action":"VIEW_HISTORICAL_RESULTS","details":{"gameType":"539","resultCount":3439,"page":1,"limit":12}}
{"timestamp":"2025-10-09T20:06:37.293Z","username":"admin","action":"VIEW_HISTORICAL_RESULTS","details":{"gameType":"539","resultCount":3439,"page":1,"limit":6}}
{"timestamp":"2025-10-09T20:06:37.742Z","username":"admin","action":"VIEW_HISTORICAL_RESULTS","details":{"gameType":"539","resultCount":3439,"page":1,"limit":6}}
{"timestamp":"2025-10-09T20:06:39.348Z","username":"admin","action":"VIEW_HISTORICAL_RESULTS","details":{"gameType":"539","resultCount":3439,"page":1,"limit":12}}
{"timestamp":"2025-10-10T00:48:29.888Z","username":"admin","action":"VIEW_HISTORICAL_RESULTS","details":{"gameType":"539","resultCount":3439,"page":1,"limit":6}}
{"timestamp":"2025-10-10T00:48:30.356Z","username":"admin","action":"VIEW_HISTORICAL_RESULTS","details":{"gameType":"539","resultCount":3439,"page":1,"limit":6}}
{"timestamp":"2025-10-10T01:04:30.727Z","username":"admin","action":"VIEW_HISTORICAL_RESULTS","details":{"gameType":"539","resultCount":3439,"page":1,"limit":6}}
{"timestamp":"2025-10-10T01:04:30.905Z","username":"admin","action":"VIEW_HISTORICAL_RESULTS","details":{"gameType":"539","resultCount":3439,"page":1,"limit":6}}
{"timestamp":"2025-10-10T01:11:52.800Z","username":"admin","action":"VIEW_HISTORICAL_RESULTS","details":{"gameType":"539","resultCount":3439,"page":1,"limit":6}}
{"timestamp":"2025-10-10T01:11:53.035Z","username":"admin","action":"VIEW_HISTORICAL_RESULTS","details":{"gameType":"539","resultCount":3439,"page":1,"limit":6}}
{"timestamp":"2025-10-10T01:11:58.104Z","username":"admin","action":"VIEW_HISTORICAL_RESULTS","details":{"gameType":"539","resultCount":3439,"page":1,"limit":6}}
{"timestamp":"2025-10-10T01:11:58.560Z","username":"admin","action":"VIEW_HISTORICAL_RESULTS","details":{"gameType":"539","resultCount":3439,"page":1,"limit":6}}
{"timestamp":"2025-10-10T01:12:56.816Z","username":"admin","action":"VIEW_HISTORICAL_RESULTS","details":{"gameType":"539","resultCount":3439,"page":1,"limit":6}}
{"timestamp":"2025-10-10T01:12:57.272Z","username":"admin","action":"VIEW_HISTORICAL_RESULTS","details":{"gameType":"539","resultCount":3439,"page":1,"limit":6}}
{"timestamp":"2025-10-10T01:16:14.162Z","username":"admin","action":"VIEW_HISTORICAL_RESULTS","details":{"gameType":"539","resultCount":3439,"page":1,"limit":6}}
{"timestamp":"2025-10-10T01:16:14.422Z","username":"admin","action":"VIEW_HISTORICAL_RESULTS","details":{"gameType":"539","resultCount":3439,"page":1,"limit":6}}
{"timestamp":"2025-10-10T01:29:28.327Z","username":"admin","action":"VIEW_HISTORICAL_RESULTS","details":{"gameType":"539","resultCount":3439,"page":1,"limit":6}}
{"timestamp":"2025-10-10T01:29:28.566Z","username":"admin","action":"VIEW_HISTORICAL_RESULTS","details":{"gameType":"539","resultCount":3439,"page":1,"limit":6}}
{"timestamp":"2025-10-10T01:49:18.269Z","username":"admin","action":"VIEW_HISTORICAL_RESULTS","details":{"gameType":"539","resultCount":3439,"page":1,"limit":6}}
{"timestamp":"2025-10-10T01:49:18.745Z","username":"admin","action":"VIEW_HISTORICAL_RESULTS","details":{"gameType":"539","resultCount":3439,"page":1,"limit":6}}
{"timestamp":"2025-10-10T01:50:29.215Z","username":"admin","action":"VIEW_HISTORICAL_RESULTS","details":{"gameType":"539","resultCount":3439,"page":1,"limit":6}}
{"timestamp":"2025-10-10T01:50:29.712Z","username":"admin","action":"VIEW_HISTORICAL_RESULTS","details":{"gameType":"539","resultCount":3439,"page":1,"limit":6}}
{"timestamp":"2025-10-10T01:52:13.876Z","username":"admin","action":"VIEW_HISTORICAL_RESULTS","details":{"gameType":"539","resultCount":3439,"page":1,"limit":6}}
{"timestamp":"2025-10-10T01:52:14.308Z","username":"admin","action":"VIEW_HISTORICAL_RESULTS","details":{"gameType":"539","resultCount":3439,"page":1,"limit":6}}
{"timestamp":"2025-10-10T01:54:14.700Z","username":"admin","action":"VIEW_HISTORICAL_RESULTS","details":{"gameType":"539","resultCount":3439,"page":1,"limit":6}}
{"timestamp":"2025-10-10T01:54:15.174Z","username":"admin","action":"VIEW_HISTORICAL_RESULTS","details":{"gameType":"539","resultCount":3439,"page":1,"limit":6}}
{"timestamp":"2025-10-10T01:58:56.391Z","username":"admin","action":"VIEW_HISTORICAL_RESULTS","details":{"gameType":"539","resultCount":3439,"page":1,"limit":6}}
{"timestamp":"2025-10-10T01:58:56.948Z","username":"admin","action":"VIEW_HISTORICAL_RESULTS","details":{"gameType":"539","resultCount":3439,"page":1,"limit":6}}
{"timestamp":"2025-10-10T02:02:56.504Z","username":"admin","action":"VIEW_HISTORICAL_RESULTS","details":{"gameType":"539","resultCount":3439,"page":1,"limit":6}}
{"timestamp":"2025-10-10T02:02:56.950Z","username":"admin","action":"VIEW_HISTORICAL_RESULTS","details":{"gameType":"539","resultCount":3439,"page":1,"limit":6}}
{"timestamp":"2025-10-10T02:03:25.429Z","username":"admin","action":"VIEW_HISTORICAL_RESULTS","details":{"gameType":"539","resultCount":3439,"page":1,"limit":50}}
{"timestamp":"2025-10-10T02:03:25.900Z","username":"admin","action":"VIEW_HISTORICAL_RESULTS","details":{"gameType":"539","resultCount":3439,"page":1,"limit":50}}
{"timestamp":"2025-10-10T02:03:43.240Z","username":"admin","action":"TRIGGER_MANUAL_SCRAPE","details":{"gameType":"539","result":{"success":true,"scraped":50,"added":0,"skipped":50,"total":3439,"validation":{"total":50,"valid":50,"invalid":0,"errors":[],"duplicates":0},"timestamp":"2025-10-10T02:03:43.239Z"}}}
{"timestamp":"2025-10-10T02:03:47.970Z","username":"admin","action":"VIEW_HISTORICAL_RESULTS","details":{"gameType":"mark6","resultCount":2471,"page":1,"limit":50}}
{"timestamp":"2025-10-10T02:03:59.284Z","username":"admin","action":"TRIGGER_MANUAL_SCRAPE","details":{"gameType":"mark6","result":{"success":true,"scraped":50,"added":1,"skipped":49,"total":2472,"validation":{"total":50,"valid":50,"invalid":0,"errors":[],"duplicates":0},"timestamp":"2025-10-10T02:03:59.282Z"}}}
{"timestamp":"2025-10-10T02:04:11.388Z","username":"admin","action":"TRIGGER_MANUAL_SCRAPE","details":{"gameType":"mark6","result":{"success":true,"scraped":50,"added":0,"skipped":50,"total":2472,"validation":{"total":50,"valid":50,"invalid":0,"errors":[],"duplicates":0},"timestamp":"2025-10-10T02:04:11.386Z"}}}
{"timestamp":"2025-10-10T02:06:40.477Z","username":"admin","action":"VIEW_HISTORICAL_RESULTS","details":{"gameType":"539","resultCount":3439,"page":1,"limit":6}}
{"timestamp":"2025-10-10T02:06:40.684Z","username":"admin","action":"VIEW_HISTORICAL_RESULTS","details":{"gameType":"539","resultCount":3439,"page":1,"limit":6}}
{"timestamp":"2025-10-10T02:06:42.864Z","username":"admin","action":"VIEW_HISTORICAL_RESULTS","details":{"gameType":"539","resultCount":3439,"page":1,"limit":50}}
{"timestamp":"2025-10-10T02:06:43.301Z","username":"admin","action":"VIEW_HISTORICAL_RESULTS","details":{"gameType":"539","resultCount":3439,"page":1,"limit":50}}
{"timestamp":"2025-10-10T02:35:14.536Z","username":"admin","action":"VIEW_HISTORICAL_RESULTS","details":{"gameType":"539","resultCount":3439,"page":1,"limit":6}}
{"timestamp":"2025-10-10T02:35:14.762Z","username":"admin","action":"VIEW_HISTORICAL_RESULTS","details":{"gameType":"539","resultCount":3439,"page":1,"limit":6}}
{"timestamp":"2025-10-11T01:16:06.787Z","username":"admin","action":"VIEW_HISTORICAL_RESULTS","details":{"gameType":"539","resultCount":3439,"page":1,"limit":50}}
{"timestamp":"2025-10-11T01:16:07.060Z","username":"admin","action":"VIEW_HISTORICAL_RESULTS","details":{"gameType":"539","resultCount":3439,"page":1,"limit":50}}
{"timestamp":"2025-10-11T01:16:23.245Z","username":"admin","action":"TRIGGER_MANUAL_SCRAPE","details":{"gameType":"539","result":{"success":true,"scraped":50,"added":1,"skipped":49,"total":3440,"validation":{"total":50,"valid":50,"invalid":0,"errors":[],"duplicates":0},"backupCleanup":{"deleted":4,"kept":5,"totalBefore":9},"timestamp":"2025-10-11T01:16:23.244Z"}}}
{"timestamp":"2025-10-11T01:16:50.467Z","username":"admin","action":"VIEW_HISTORICAL_RESULTS","details":{"gameType":"539","resultCount":3440,"page":1,"limit":50}}
{"timestamp":"2025-10-11T01:16:50.790Z","username":"admin","action":"VIEW_HISTORICAL_RESULTS","details":{"gameType":"539","resultCount":3440,"page":1,"limit":50}}
{"timestamp":"2025-10-11T01:16:51.585Z","username":"admin","action":"VIEW_HISTORICAL_RESULTS","details":{"gameType":"mark6","resultCount":2472,"page":1,"limit":50}}
{"timestamp":"2025-10-11T01:17:02.933Z","username":"admin","action":"TRIGGER_MANUAL_SCRAPE","details":{"gameType":"mark6","result":{"success":true,"scraped":50,"added":0,"skipped":50,"total":2472,"validation":{"total":50,"valid":50,"invalid":0,"errors":[],"duplicates":0},"backupCleanup":{"deleted":1,"kept":5,"totalBefore":6},"timestamp":"2025-10-11T01:17:02.932Z"}}}
{"timestamp":"2025-10-11T01:17:10.233Z","username":"admin","action":"VIEW_HISTORICAL_RESULTS","details":{"gameType":"lotto649","resultCount":1953,"page":1,"limit":50}}
{"timestamp":"2025-10-11T01:20:57.981Z","username":"admin","action":"VIEW_HISTORICAL_RESULTS","details":{"gameType":"539","resultCount":3440,"page":1,"limit":50}}
{"timestamp":"2025-10-11T01:20:58.229Z","username":"admin","action":"VIEW_HISTORICAL_RESULTS","details":{"gameType":"539","resultCount":3440,"page":1,"limit":50}}
{"timestamp":"2025-10-11T01:21:07.137Z","username":"admin","action":"VIEW_HISTORICAL_RESULTS","details":{"gameType":"lotto649","resultCount":1953,"page":1,"limit":50}}
{"timestamp":"2025-10-11T01:21:12.688Z","username":"admin","action":"TRIGGER_MANUAL_SCRAPE","details":{"gameType":"lotto649","result":{"success":true,"scraped":50,"added":2,"skipped":48,"total":1955,"validation":{"total":50,"valid":50,"invalid":0,"validationRate":"100%"},"backupCleanup":{"deleted":0,"kept":1,"totalBefore":1},"timestamp":"2025-10-11T01:21:12.687Z"}}}
{"timestamp":"2025-10-11T01:30:12.918Z","username":"admin","action":"VIEW_HISTORICAL_RESULTS","details":{"gameType":"539","resultCount":3440,"page":1,"limit":50}}
{"timestamp":"2025-10-11T01:30:13.176Z","username":"admin","action":"VIEW_HISTORICAL_RESULTS","details":{"gameType":"539","resultCount":3440,"page":1,"limit":50}}
{"timestamp":"2025-10-11T01:30:14.251Z","username":"admin","action":"VIEW_HISTORICAL_RESULTS","details":{"gameType":"lotto649","resultCount":1955,"page":1,"limit":50}}
{"timestamp":"2025-10-11T01:31:02.269Z","username":"admin","action":"TRIGGER_MANUAL_SCRAPE","details":{"gameType":"lotto649","result":{"success":true,"scraped":50,"added":0,"skipped":50,"total":1955,"validation":{"total":50,"valid":50,"invalid":0,"validationRate":"100%","errors":[]},"backupCleanup":{"deleted":0,"kept":2,"totalBefore":2},"timestamp":"2025-10-11T01:31:02.267Z"}}}
{"timestamp":"2025-10-11T01:31:10.281Z","username":"admin","action":"VIEW_HISTORICAL_RESULTS","details":{"gameType":"mark6","resultCount":2472,"page":1,"limit":50}}
{"timestamp":"2025-10-11T01:31:11.683Z","username":"admin","action":"VIEW_HISTORICAL_RESULTS","details":{"gameType":"lotto649","resultCount":1955,"page":1,"limit":50}}
{"timestamp":"2025-10-11T01:35:59.530Z","username":"admin","action":"VIEW_HISTORICAL_RESULTS","details":{"gameType":"539","resultCount":3440,"page":1,"limit":50}}
{"timestamp":"2025-10-11T01:36:00.090Z","username":"admin","action":"VIEW_HISTORICAL_RESULTS","details":{"gameType":"539","resultCount":3440,"page":1,"limit":50}}
{"timestamp":"2025-10-11T01:36:52.905Z","username":"admin","action":"TRIGGER_MANUAL_SCRAPE","details":{"gameType":"539","result":{"success":true,"scraped":50,"added":0,"skipped":50,"total":3440,"validation":{"total":50,"valid":50,"invalid":0,"errors":[],"duplicates":0},"backupCleanup":{"deleted":1,"kept":5,"totalBefore":6},"timestamp":"2025-10-11T01:36:52.904Z"}}}
{"timestamp":"2025-10-11T01:37:27.237Z","username":"admin","action":"TRIGGER_MANUAL_SCRAPE","details":{"gameType":"539","result":{"success":true,"scraped":50,"added":0,"skipped":50,"total":3440,"validation":{"total":50,"valid":50,"invalid":0,"errors":[],"duplicates":0},"backupCleanup":{"deleted":1,"kept":5,"totalBefore":6},"timestamp":"2025-10-11T01:37:27.237Z"}}}
{"timestamp":"2025-10-11T01:37:35.127Z","username":"admin","action":"SYNC_HISTORICAL_RESULTS","details":{"gameType":"539","recordCount":3440}}
{"timestamp":"2025-10-11T01:37:35.587Z","username":"admin","action":"VIEW_HISTORICAL_RESULTS","details":{"gameType":"539","resultCount":3440,"page":1,"limit":50}}
{"timestamp":"2025-10-11T01:37:36.841Z","username":"admin","action":"VIEW_HISTORICAL_RESULTS","details":{"gameType":"mark6","resultCount":2472,"page":1,"limit":50}}
{"timestamp":"2025-10-11T01:37:47.877Z","username":"admin","action":"TRIGGER_MANUAL_SCRAPE","details":{"gameType":"mark6","result":{"success":true,"scraped":50,"added":0,"skipped":50,"total":2472,"validation":{"total":50,"valid":50,"invalid":0,"errors":[],"duplicates":0},"backupCleanup":{"deleted":1,"kept":5,"totalBefore":6},"timestamp":"2025-10-11T01:37:47.876Z"}}}
{"timestamp":"2025-10-11T01:37:59.999Z","username":"admin","action":"SYNC_HISTORICAL_RESULTS","details":{"gameType":"mark6","recordCount":2472}}
{"timestamp":"2025-10-11T01:38:00.452Z","username":"admin","action":"VIEW_HISTORICAL_RESULTS","details":{"gameType":"mark6","resultCount":2472,"page":1,"limit":50}}
{"timestamp":"2025-10-11T01:38:05.159Z","username":"admin","action":"VIEW_HISTORICAL_RESULTS","details":{"gameType":"lotto649","resultCount":1955,"page":1,"limit":50}}
{"timestamp":"2025-10-11T01:38:07.325Z","username":"admin","action":"TRIGGER_MANUAL_SCRAPE","details":{"gameType":"lotto649","result":{"success":false,"error":"scraper.scrapeResults is not a function","timestamp":"2025-10-11T01:38:07.325Z"}}}
{"timestamp":"2025-10-11T01:38:13.517Z","username":"admin","action":"TRIGGER_MANUAL_SCRAPE","details":{"gameType":"lotto649","result":{"success":false,"error":"scraper.scrapeResults is not a function","timestamp":"2025-10-11T01:38:13.517Z"}}}
{"timestamp":"2025-10-11T01:42:18.350Z","username":"admin","action":"VIEW_HISTORICAL_RESULTS","details":{"gameType":"539","resultCount":3440,"page":1,"limit":50}}
{"timestamp":"2025-10-11T01:42:18.878Z","username":"admin","action":"VIEW_HISTORICAL_RESULTS","details":{"gameType":"539","resultCount":3440,"page":1,"limit":50}}
{"timestamp":"2025-10-11T01:42:19.404Z","username":"admin","action":"VIEW_HISTORICAL_RESULTS","details":{"gameType":"lotto649","resultCount":1955,"page":1,"limit":50}}
{"timestamp":"2025-10-11T01:42:20.899Z","username":"admin","action":"TRIGGER_MANUAL_SCRAPE","details":{"gameType":"lotto649","result":{"success":false,"error":"scraper.scrapeResults is not a function","timestamp":"2025-10-11T01:42:20.899Z"}}}
{"timestamp":"2025-10-11T01:42:50.842Z","username":"admin","action":"VIEW_HISTORICAL_RESULTS","details":{"gameType":"539","resultCount":3440,"page":1,"limit":50}}
{"timestamp":"2025-10-11T01:43:02.964Z","username":"admin","action":"TRIGGER_MANUAL_SCRAPE","details":{"gameType":"539","result":{"success":true,"scraped":50,"added":0,"skipped":50,"total":3440,"validation":{"total":50,"valid":50,"invalid":0,"errors":[],"duplicates":0},"backupCleanup":{"deleted":1,"kept":5,"totalBefore":6},"timestamp":"2025-10-11T01:43:02.961Z"}}}
{"timestamp":"2025-10-11T01:49:24.407Z","username":"admin","action":"VIEW_HISTORICAL_RESULTS","details":{"gameType":"539","resultCount":3440,"page":1,"limit":50}}
{"timestamp":"2025-10-11T01:49:24.669Z","username":"admin","action":"VIEW_HISTORICAL_RESULTS","details":{"gameType":"539","resultCount":3440,"page":1,"limit":50}}
{"timestamp":"2025-10-11T01:49:25.928Z","username":"admin","action":"VIEW_HISTORICAL_RESULTS","details":{"gameType":"lotto649","resultCount":1955,"page":1,"limit":50}}
{"timestamp":"2025-10-11T01:49:29.666Z","username":"admin","action":"TRIGGER_MANUAL_SCRAPE","details":{"gameType":"lotto649","result":{"success":true,"scraped":50,"added":0,"skipped":50,"total":1955,"validation":{"total":50,"valid":50,"invalid":0,"validationRate":"100%","errors":[]},"backupCleanup":{"deleted":0,"kept":3,"totalBefore":3},"timestamp":"2025-10-11T01:49:29.664Z"}}}
{"timestamp":"2025-10-11T02:01:37.062Z","username":"admin","action":"VIEW_HISTORICAL_RESULTS","details":{"gameType":"539","resultCount":3440,"page":1,"limit":50}}
{"timestamp":"2025-10-11T02:01:37.601Z","username":"admin","action":"VIEW_HISTORICAL_RESULTS","details":{"gameType":"539","resultCount":3440,"page":1,"limit":50}}
{"timestamp":"2025-10-11T02:01:40.792Z","username":"admin","action":"VIEW_HISTORICAL_RESULTS","details":{"gameType":"539","resultCount":3440,"page":1,"limit":50}}
{"timestamp":"2025-10-11T02:01:41.291Z","username":"admin","action":"VIEW_HISTORICAL_RESULTS","details":{"gameType":"539","resultCount":3440,"page":1,"limit":50}}
{"timestamp":"2025-10-11T02:14:00.448Z","username":"admin","action":"VIEW_HISTORICAL_RESULTS","details":{"gameType":"539","resultCount":3440,"page":1,"limit":6}}
{"timestamp":"2025-10-11T02:14:00.630Z","username":"admin","action":"VIEW_HISTORICAL_RESULTS","details":{"gameType":"539","resultCount":3440,"page":1,"limit":6}}
{"timestamp":"2025-10-11T02:24:14.010Z","username":"admin","action":"VIEW_HISTORICAL_RESULTS","details":{"gameType":"539","resultCount":3440,"page":1,"limit":50}}
{"timestamp":"2025-10-11T02:24:14.234Z","username":"admin","action":"VIEW_HISTORICAL_RESULTS","details":{"gameType":"539","resultCount":3440,"page":1,"limit":50}}
{"timestamp":"2025-10-11T03:10:42.580Z","username":"admin","action":"VIEW_HISTORICAL_RESULTS","details":{"gameType":"539","resultCount":3440,"page":1,"limit":50}}
{"timestamp":"2025-10-11T03:10:43.115Z","username":"admin","action":"VIEW_HISTORICAL_RESULTS","details":{"gameType":"539","resultCount":3440,"page":1,"limit":50}}
{"timestamp":"2025-10-11T03:11:02.387Z","username":"admin","action":"VIEW_HISTORICAL_RESULTS","details":{"gameType":"539","resultCount":3440,"page":1,"limit":50}}
{"timestamp":"2025-10-11T03:11:02.844Z","username":"admin","action":"VIEW_HISTORICAL_RESULTS","details":{"gameType":"539","resultCount":3440,"page":1,"limit":50}}
